Uploads folder is ready
Server running on http://localhost:3006
[API] GET /api/v2/dashboard/stats -> 401 (4ms)
[API] GET /api/search?q= -> 304 (293ms)
[API] GET /api/company-profile -> 304 (312ms)
[API] GET /api/v2/dashboard/stats -> 401 (0ms)
[API] GET /api/search?q= -> 304 (258ms)
[API] GET /api/company-profile -> 304 (282ms)
[API] GET /api/search?q= -> 304 (428ms)
[API] GET /api/search?q= -> 304 (156ms)
[API] GET /api/v2/dashboard/stats -> 401 (1ms)
[API] GET /api/search?q= -> 304 (283ms)
[API] GET /api/company-profile -> 304 (356ms)
[API] GET /api/v2/dashboard/stats -> 401 (0ms)
[API] GET /api/search?q= -> 304 (184ms)
[API] GET /api/company-profile -> 304 (183ms)
[API] GET /api/finance/years -> 401 (1ms)
[API] GET /api/finance/summary?year=2026 -> 401 (0ms)
[API] GET /api/finance/margin/dashboard?year=2026 -> 401 (1ms)
[API] GET /api/company-profile -> 304 (174ms)
[API] GET /api/pdf/list/pnl-2026 -> 200 (410ms)
[API] GET /api/pdf/list/w9-2026 -> 200 (454ms)
[API] GET /api/pdf/list/1099-2026 -> 200 (627ms)
[API] GET /api/pdf/list/inference-2026 -> 200 (1628ms)
[API] GET /api/finance/margin/dashboard?year=2026 -> 401 (1ms)
[API] GET /api/margin-dashboard -> 404 (0ms)
[API] GET /api/finance/margin/dashboard?year=2026 -> 401 (0ms)
[API] GET /api/finance/margin/dashboard?year=2026 -> 401 (1ms)
