Uploads folder is ready
Server running on http://localhost:3005
[API] POST /api/v2/auth/password-login -> 200 (860ms)
[API] GET /api/search?q= -> 200 (115ms)
[API] GET /api/company-profile -> 200 (245ms)
[API] GET /api/v2/dashboard/stats -> 200 (957ms)
[API] GET /api/search?q= -> 304 (363ms)
[API] PATCH /api/v2/admin/settings -> 200 (492ms)
[API] GET /api/search?q= -> 304 (262ms)
[API] GET /api/company-profile -> 304 (279ms)
[API] GET /api/v2/dashboard/stats -> 200 (1345ms)
[API] GET /api/search?q= -> 304 (239ms)
[API] GET /api/search?q= -> 304 (168ms)
[API] GET /api/search?q= -> 200 (153ms)
[API] GET /api/search?q= -> 304 (287ms)
[API] GET /api/v2/clients/21/cash-aggregate -> 200 (153ms)
[API] GET /api/v2/admin/users -> 200 (185ms)
[API] GET /api/jobs/client/21 -> 200 (206ms)
[API] GET /api/notes/list/21 -> 200 (255ms)
[API] GET /api/v2/clients/21/services -> 200 (269ms)
[API] GET /api/pdf/list/21 -> 200 (560ms)
[API] GET /api/search?q= -> 304 (323ms)
[API] GET /api/search?q= -> 304 (85ms)
[API] GET /api/pdf/list/21 -> 304 (96ms)
[API] GET /api/v2/clients/21/cash-aggregate -> 304 (142ms)
[API] GET /api/v2/admin/users -> 304 (173ms)
[API] GET /api/v2/clients/21/services -> 304 (205ms)
[API] GET /api/jobs/client/21 -> 304 (230ms)
[API] GET /api/notes/list/21 -> 304 (265ms)
